// Jest Snapshot v1, https://goo.gl/fbAQLP

exports[`<App /> spec assert it renders correctly 1`] = `
<div
  className="app"
>
  <div
    className="Dashboard sc-kAzzGY jibxRO"
  >
    <header
      className="Dashboard__header"
    >
      <svg
        className="Dashboard__menu-button"
        onClick={[Function]}
      >
        menu.svg
      </svg>
    </header>
    <section
      className="Dashboard__tiled-list"
    >
      <button
        className="Dashboard__add-collection"
        onClick={[Function]}
      >
        <h1
          className="sc-bdVaJa beESmM"
        >
          +
        </h1>
      </button>
      Loading...
    </section>
  </div>
</div>
`;
