// Jest Snapshot v1, https://goo.gl/fbAQLP

exports[`<App /> spec assert component matches snapshot 1`] = `
<div
  class="FullPageSpinner"
  style="display: flex; justify-content: center; align-items: center; height: 100vh; background: rgb(252, 251, 252);"
>
  <div
    class="wave__Wrapper-sc-8a0z7x-0 bkEnrM"
    size="30"
  >
    <div
      class="wave__Bar-sc-8a0z7x-1 eYgqzc"
      color="#939CE8"
      size="30"
      x="0"
      y="0"
    />
    <div
      class="wave__Bar-sc-8a0z7x-1 eeBsAZ"
      color="#939CE8"
      size="30"
      x="7.7"
      y="0"
    />
    <div
      class="wave__Bar-sc-8a0z7x-1 jzfQZl"
      color="#939CE8"
      size="30"
      x="15.4"
      y="0"
    />
    <div
      class="wave__Bar-sc-8a0z7x-1 idEbod"
      color="#939CE8"
      size="30"
      x="23.1"
      y="0"
    />
    <div
      class="wave__Bar-sc-8a0z7x-1 sOGxD"
      color="#939CE8"
      size="30"
      x="30.8"
      y="0"
    />
    <div
      class="wave__Bar-sc-8a0z7x-1 gCnfAU"
      color="#939CE8"
      size="30"
      x="38.5"
      y="0"
    />
    <div
      class="wave__Bar-sc-8a0z7x-1 crkVMT"
      color="#939CE8"
      size="30"
      x="46.2"
      y="0"
    />
    <div
      class="wave__Bar-sc-8a0z7x-1 ewFufB"
      color="#939CE8"
      size="30"
      x="53.9"
      y="0"
    />
    <div
      class="wave__Bar-sc-8a0z7x-1 jaMgCO"
      color="#939CE8"
      size="30"
      x="61.6"
      y="0"
    />
    <div
      class="wave__Bar-sc-8a0z7x-1 kVhTNp"
      color="#939CE8"
      size="30"
      x="69.3"
      y="0"
    />
  </div>
</div>
`;
