// Jest Snapshot v1, https://goo.gl/fbAQLP

exports[`<ComposePack /> spec assert component matches snapshot 1`] = `
<div
  class="ComposePack sc-fjdhpX jcbgzh"
>
  <header
    class="ComposePack__header sc-jzJRlG lezlDT"
  >
    <div
      class="button-label-group sc-kgoBCf gESBRo"
    >
      <a
        class="button-label-group__link"
        href="/"
      >
        <svg
          class="ComposePack__button-back button-label-group__icon sc-chPdSV fffzMH"
          data-testid="button-back"
        >
          back.svg
        </svg>
      </a>
      <h6
        class="sc-jTzLTM idVnLD"
      >
        Dashboard
      </h6>
    </div>
  </header>
  <section
    class="sc-cSHVUG kLZNWu"
  >
    <form
      class="ComposePack__form form sc-kAzzGY erSrgO"
    >
      <h2
        class="form__title sc-bZQynM bBvnIe"
      >
        Create a Pack
      </h2>
      <div
        class="input-group"
      >
        <label
          class="form__label"
          for="pack-name"
        >
          Pack Name
        </label>
        <input
          class="form__input"
          id="pack-name"
          maxlength="30"
          name="pack-name"
          value=""
        />
      </div>
      <div
        class="sc-kGXeez hoFwxn"
      >
        <button
          class="sc-bwzfXH sc-htpNat form__button-submit sc-kpOJdX fJIxGy"
          disabled=""
          type="submit"
        >
          Submit
        </button>
      </div>
    </form>
  </section>
</div>
`;
