// Jest Snapshot v1, https://goo.gl/fbAQLP

exports[`<ComposeFlashcard /> spec assert component matches snapshot 1`] = `
<div
  class="ComposeFlashcard sc-ifAKCX eRFJQn"
>
  <div
    class="ComposeFlashcard__input sc-EHOje ZLVYK"
  >
    <textarea
      class="ComposeFlashcard__input--text"
      data-testid="question-text"
      placeholder="Type your question here..."
    />
  </div>
  <button
    class="sc-bdVaJa sc-bwzfXH ComposeFlashcard__button-toggle sc-bZQynM eyjEsx"
    type="button"
  >
    SHOW ANSWER
  </button>
</div>
`;
