// Jest Snapshot v1, https://goo.gl/fbAQLP

exports[`<Dashboard /> spec assert component matches snapshot 1`] = `
<DocumentFragment>
  <div
    class="Dashboard sc-fjdhpX gDzOsO"
  >
    <section
      class="Dashboard__main sc-cSHVUG cvJHRa"
    >
      <header
        class="Dashboard__header sc-kAzzGY dLZksr"
      >
        <div
          class="button-label-group sc-chPdSV jWyHxp"
        >
          <svg
            class="Dashboard__button-menu sc-kgoBCf eToamk"
            data-testid="button-menu"
          >
            menu.svg
          </svg>
          <h6
            class="sc-dnqmqq cPuweH"
          >
            Dashboard
          </h6>
        </div>
        <div
          class="Avatar sc-jTzLTM jtdSqc"
        >
          <svg
            alt="avatar"
            class="Avatar__image--unauth"
            data-testid="avatar-unauth"
          >
            user.svg
          </svg>
        </div>
      </header>
      <section
        class="Dashboard__greeting-section sc-kpOJdX cRLgjE"
      >
        <h6
          class="greeting-date sc-dnqmqq cPuweH"
          data-testid="greeting-date"
        >
          October 19th
        </h6>
        <h2
          class="greeting-title sc-bwzfXH hsuEfn"
        >
          Ready to learn?
        </h2>
      </section>
      <section
        class="Dashboard__pack-section sc-dxgOiQ dcoTlG"
      >
        <p
          class="sc-EHOje gzeaHE"
        >
          Your Packs
        </p>
        <div
          class="Dashboard__list sc-ckVGcZ iwuFkb"
        >
          <button
            class="Dashboard__button-create-pack sc-jKJlTe xKupp"
            data-testid="create-pack-button"
            type="button"
          >
            <h1
              class="sc-bdVaJa beESmM"
            >
              +
            </h1>
          </button>
          Loading...
        </div>
      </section>
    </section>
  </div>
</DocumentFragment>
`;
