// Jest Snapshot v1, https://goo.gl/fbAQLP

exports[`<Flashcard /> spec assert it matches snapshot 1`] = `
<DocumentFragment>
  <div
    class="Flashcard sc-jTzLTM iGGYsv"
  >
    <section
      class="Flashcard__content ContentArea sc-fjdhpX leZmqx"
    >
      <p
        class="ContentArea__text sc-EHOje gzeaHE"
        data-testid="card-text"
      >
        What is 2 + 2?
      </p>
    </section>
    <button
      class="sc-iwsKbI sc-gZMcBi Flashcard__button-toggle sc-jzJRlG dBVjFL"
      data-testid="card-button"
      type="button"
    >
      SHOW ANSWER
    </button>
  </div>
</DocumentFragment>
`;
