// Jest Snapshot v1, https://goo.gl/fbAQLP

exports[`<PackCard /> spec assert component matches snapshot 1`] = `
<DocumentFragment>
  <a
    class="sc-iwsKbI kBaOMJ"
    href="/pack/1"
  >
    <div
      class="sc-gZMcBi sc-gqjmRU gaiMMo"
    >
      <div
        class="sc-gZMcBi PackCard sc-VigVT eYUWSB"
        data-testid="card"
        type="button"
      >
        <h4
          class="PackCard__title sc-bxivhb dSXQHY"
        >
          JavaScript
        </h4>
      </div>
    </div>
  </a>
</DocumentFragment>
`;
