// Jest Snapshot v1, https://goo.gl/fbAQLP

exports[`<PackHome /> specs assert component matches snapshot 1`] = `
<div
  class="PackHome sc-iwsKbI eivNFL"
>
  <header
    class="PackHome__header sc-gZMcBi bvxfLq"
  >
    <div
      class="btn-lbl-combo sc-gqjmRU kpjKDM"
    >
      <a
        class="btn-lbl-combo__link"
        href="/"
      >
        <svg
          class="PackHome__button-back btn-lbl-combo__icon sc-VigVT fCGeOx"
          data-testid="button-back"
        >
          back.svg
        </svg>
      </a>
      <h6
        class="PackHome__button-caption sc-dnqmqq cPuweH"
      >
        Back
      </h6>
    </div>
    <div
      class="PackHome__image-card sc-jTzLTM kuOzMv"
    >
      <img
        alt=""
        src=""
      />
    </div>
  </header>
  <section
    class="PackHome__info sc-fjdhpX ftBcog"
  >
    <h2
      class="PackHome__title sc-bwzfXH hsuEfn"
    >
      Random
    </h2>
    <h6
      class="PackHome__count sc-dnqmqq cPuweH"
    >
      2 FLASHCARDS
    </h6>
  </section>
  <footer
    class="PackHome__footer sc-jzJRlG POnLw"
  >
    <div
      class="btn-lbl-combo sc-gqjmRU kpjKDM"
      data-testid="test-btn"
    >
      <svg
        class="PackHome__button-test ico"
      >
        play-button.svg
      </svg>
      <h6
        class="sc-dnqmqq cPuweH"
      >
        TEST
      </h6>
    </div>
    <div
      class="btn-lbl-combo sc-gqjmRU kpjKDM"
      data-testid="edit-btn"
    >
      <svg
        class="PackHome__button-edit ico"
      >
        pencil.svg
      </svg>
      <h6
        class="sc-dnqmqq cPuweH"
      >
        EDIT
      </h6>
    </div>
    <div
      class="btn-lbl-combo sc-gqjmRU kpjKDM"
      data-testid="add-btn"
    >
      <svg
        class="PackHome__button-add ico"
      >
        plus.svg
      </svg>
      <h6
        class="sc-dnqmqq cPuweH"
      >
        ADD
      </h6>
    </div>
  </footer>
</div>
`;
