// Jest Snapshot v1, https://goo.gl/fbAQLP

exports[`<PackHome /> specs assert component matches snapshot 1`] = `
<div
  class="PackHome sc-jTzLTM iQTdXV"
>
  <header
    class="PackHome__header sc-fjdhpX NXmOK"
  >
    <div
      class="btn-lbl-combo sc-kgoBCf cldxMn"
    >
      <a
        class="btn-lbl-combo__link"
        href="/"
      >
        <svg
          class="PackHome__button-back btn-lbl-combo__icon sc-kGXeez hAVnpz"
          data-testid="button-back"
        >
          back.svg
        </svg>
      </a>
      <h6
        class="PackHome__button-caption sc-VigVT voBwA"
      >
        Back
      </h6>
    </div>
    <svg
      class="sc-kpOJdX kQabda"
      data-testid="edit-btn"
    >
      settings.svg
    </svg>
  </header>
  <section
    class="PackHome__stats stats-section sc-jzJRlG ZMDfA"
  >
    <div
      class="stats-card sc-chPdSV hjTxne"
    >
      <p
        class="stat-section__body sc-dnqmqq eFdqdx"
      >
        Stats Coming Soon!
      </p>
    </div>
  </section>
  <section
    class="PackHome__info sc-cSHVUG bdEAwI"
  >
    <h2
      class="PackHome__title sc-EHOje cayYUN"
    >
      Random
    </h2>
    <div
      class="PackHome__pill sc-dxgOiQ kFfXMj"
    >
      <h6
        class="PackHome__count sc-VigVT voBwA"
      >
        2 FLASHCARDS
      </h6>
    </div>
  </section>
  <section
    class="PackHome__controls sc-kAzzGY hLMvsW"
  >
    <button
      class="sc-bdVaJa btn-lbl-combo sc-bwzfXH ebLKbS"
      data-testid="test-btn"
    >
      TEST
    </button>
    <button
      class="sc-bdVaJa btn-lbl-combo sc-bwzfXH ebLKbS"
      data-testid="add-btn"
    >
      ADD
    </button>
  </section>
</div>
`;
