// Jest Snapshot v1, https://goo.gl/fbAQLP

exports[`<SignUp /> spec assert component matches snapshot 1`] = `
<DocumentFragment>
  <div
    class="SignUp sc-cSHVUG cnhTFu"
  >
    <div
      class="form-wrapper sc-chPdSV jpkcqJ"
    >
      <form
        class="SignUp__form sc-kGXeez jlvJeS"
      >
        <h2
          class="SignUp__title form-title sc-htoDjs djcYTC"
        >
          Sign Up
        </h2>
        <span
          class="SignUp__errors sc-kgoBCf fIjuNl"
        >
          <h6
            class="sc-jzJRlG dvzZlm"
          />
        </span>
        <input
          aria-label="email"
          class="sc-EHOje SignUp__input-email sc-bZQynM kmcLJp"
          id="email"
          placeholder="Email Address"
          type="email"
          value=""
        />
        <input
          aria-label="password-one"
          class="sc-EHOje SignUp__input-password-one sc-bZQynM kmcLJp"
          id="password-one"
          placeholder="Password"
          value=""
        />
        <input
          aria-label="password-two"
          class="sc-EHOje SignUp__input-password-two sc-bZQynM kmcLJp"
          id="password-two"
          placeholder="Confirm Password"
          value=""
        />
        <button
          class="sc-bwzfXH sc-htpNat SignUp__button-sign-up sc-kpOJdX jJDPho"
          disabled=""
          type="button"
        >
          Sign Up
        </button>
      </form>
      <span>
        <h6
          class="sc-jzJRlG dvzZlm"
        >
          Already have an account? 
          <a
            href="/login"
          >
            Log in
          </a>
        </h6>
      </span>
    </div>
    <div
      class="loading-spinner-wrapperhidden sc-kAzzGY atzHR"
    />
  </div>
</DocumentFragment>
`;
