// Jest Snapshot v1, https://goo.gl/fbAQLP

exports[`<SignUp /> spec assert component matches snapshot 1`] = `
<DocumentFragment>
  <div
    class="SignUp"
  >
    <label
      for="email"
    >
      Email Address
    </label>
    <input
      class="SignUp__input-email"
      id="email"
      placeholder="Enter Email Address"
      value=""
    />
    <label
      for="password-one"
    >
      Password
    </label>
    <input
      class="SignUp__input-password-one"
      id="password-one"
      placeholder="Enter Password"
      value=""
    />
    <label
      for="password-two"
    >
      Confirm Password
    </label>
    <input
      class="SignUp__input-password-two"
      id="password-two"
      placeholder="Confirm Password"
      value=""
    />
    <button
      class="SignUp__button-sign-up sc-bwzfXH dVyRhp"
      disabled=""
      type="button"
    >
      Sign Up
    </button>
    <a
      href="/login"
    >
      Already have an account? Log in here.
    </a>
  </div>
</DocumentFragment>
`;
